// Jest Snapshot v1, https://goo.gl/fbAQLP

exports[`Message should render with props 1`] = `ShallowWrapper {}`;
