// Jest Snapshot v1, https://goo.gl/fbAQLP

exports[`Header should render with props 1`] = `ShallowWrapper {}`;
